// Jest Snapshot v1, https://goo.gl/fbAQLP

exports[`<BjorkList /> renders the BjorkList component 1`] = `
<DocumentFragment>
  <h1>
    Loading...
  </h1>
</DocumentFragment>
`;
